../Core/Src/main.c:107:5:main	8	static
../Core/Src/main.c:172:6:SystemClock_Config	88	static
../Core/Src/main.c:219:13:MX_ADC1_Init	24	static
../Core/Src/main.c:266:13:MX_TIM3_Init	32	static
../Core/Src/main.c:311:13:MX_TIM4_Init	32	static
../Core/Src/main.c:356:13:MX_GPIO_Init	40	static
../Core/Src/main.c:393:5:AnalogHandler	16	static
../Core/Src/main.c:408:6:Display	24	static
../Core/Src/main.c:504:6:DigitExtract	16	static
../Core/Src/main.c:514:6:HAL_TIM_PeriodElapsedCallback	16	static
../Core/Src/main.c:565:6:Error_Handler	4	static
