../Core/Src/main.c:149:6:ADC_Select_CH0	8	static
../Core/Src/main.c:163:6:ADC_Select_CH1	8	static
../Core/Src/main.c:175:6:ADC_Select_CH9	8	static
../Core/Src/main.c:192:5:main	8	static
../Core/Src/main.c:270:6:SystemClock_Config	88	static
../Core/Src/main.c:317:13:MX_ADC1_Init	8	static
../Core/Src/main.c:384:13:MX_TIM1_Init	96	static
../Core/Src/main.c:459:13:MX_TIM3_Init	32	static
../Core/Src/main.c:504:13:MX_TIM4_Init	32	static
../Core/Src/main.c:547:13:MX_DMA_Init	16	static
../Core/Src/main.c:565:13:MX_GPIO_Init	40	static
../Core/Src/main.c:623:6:ADC_Handler	8	static
../Core/Src/main.c:645:6:AnalogHandler	24	static
../Core/Src/main.c:673:6:HAL_GPIO_EXTI_Callback	16	static
../Core/Src/main.c:687:6:ColorModeSelect	8	static
../Core/Src/main.c:792:6:LEDHandler	24	static
../Core/Src/main.c:2460:6:Analog_Buffer	24	static
../Core/Src/main.c:2500:6:HAL_TIM_PWM_PulseFinishedCallback	16	static
../Core/Src/main.c:2507:6:Set_LED	24	static
../Core/Src/main.c:2516:6:ApagaLeds	8	static
../Core/Src/main.c:2552:6:DigitExtract	16	static
../Core/Src/main.c:2562:6:HAL_TIM_PeriodElapsedCallback	16	static
../Core/Src/main.c:2798:6:Set_Brightness	40	static
../Core/Src/main.c:2818:6:WS2512_Send	32	static
../Core/Src/main.c:2857:6:Error_Handler	4	static
